2025-02-21 19:25:07 - Starting MongoDB Sharding setup...
2025-02-21 19:25:07 - Initiating config server...
2025-02-21 19:25:08 - Config server initiated.
2025-02-21 19:25:13 - Initiating shard1...
2025-02-21 19:25:14 - Shard1 initiated.
2025-02-21 19:25:19 - Initiating shard2...
2025-02-21 19:25:19 - Shard2 initiated.
2025-02-21 19:25:24 - Configuring mongos router...
2025-02-21 19:25:25 - Mongos router configured. Shards has been added
2025-02-21 19:25:30 - Data inserted into 'helloDoc'.
2025-02-21 19:25:34 - Loading data is completed
2025-02-21 19:25:44 - Counting documents in 'Shard1'...
2025-02-21 19:25:44 - Document count in 'Shard1' completed.
2025-02-21 19:25:44 - Counting documents in 'Shard2'...
2025-02-21 19:25:45 - Document count in 'Shard2' completed.
2025-02-21 19:25:45 - MongoDB Sharding setup completed.
2025-02-21 19:31:21 - Starting MongoDB Sharding setup...
2025-02-21 19:31:21 - Initiating config server...
2025-02-21 19:31:22 - Config server initiated.
2025-02-21 19:31:27 - Initiating shard1...
2025-02-21 19:31:28 - Shard1 initiated.
2025-02-21 19:31:33 - Initiating shard2...
2025-02-21 19:31:33 - Shard2 initiated.
2025-02-21 19:31:38 - Configuring mongos router...
2025-02-21 19:31:39 - Mongos router configured. Shards has been added
2025-02-21 19:31:44 - Data inserted into 'helloDoc'.
2025-02-21 19:31:48 - Loading data is completed
2025-02-21 19:31:58 - Counting documents in 'Shard1'...
2025-02-21 19:31:59 - Document count in 'Shard1' completed.
2025-02-21 19:31:59 - Counting documents in 'Shard2'...
2025-02-21 19:31:59 - Document count in 'Shard2' completed.
2025-02-21 19:31:59 - MongoDB Sharding setup completed.
2025-02-21 19:33:21 - Starting MongoDB Sharding setup...
2025-02-21 19:33:21 - Initiating config server...
2025-02-21 19:33:22 - Config server initiated.
2025-02-21 19:33:27 - Initiating shard1...
2025-02-21 19:33:28 - Shard1 initiated.
2025-02-21 19:33:33 - Initiating shard2...
2025-02-21 19:33:33 - Shard2 initiated.
2025-02-21 19:33:38 - Configuring mongos router...
2025-02-21 19:33:39 - Mongos router configured. Shards has been added
2025-02-21 19:33:44 - Data inserted into 'helloDoc'.
2025-02-21 19:33:48 - Loading data is completed
2025-02-21 19:33:58 - Counting documents in 'Shard1'...
2025-02-21 19:33:59 - Document count in 'Shard1' completed.
2025-02-21 19:33:59 - Counting documents in 'Shard2'...
2025-02-21 19:34:00 - Document count in 'Shard2' completed.
2025-02-21 19:34:00 - MongoDB Sharding setup completed.
